
> brandme-monorepo@1.0.0 setup:demo <clone>
> node scripts/brandme.mjs setup --mode demo

Brand.Me setup (demo)
Using CPython 3.11.15 interpreter at: /usr/bin/python3.11
Creating virtual environment at: .venv
Activate with: source .venv/bin/activate
Resolved 79 packages in 49ms
Installed 79 packages in 31ms
 + annotated-types==0.8.0
 + anyio==3.7.1
 + argcomplete==3.7.2
 + async-timeout==5.0.1
 + asyncpg==0.29.0
 + attrs==26.1.0
 + backoff==2.2.1
 + black==26.10.0
 + certifi==2026.7.22
 + cffi==2.1.1
 + charset-normalizer==3.5.2
 + click==8.5.0
 + cryptography==50.0.2
 + datamodel-code-generator==0.34.0
 + deprecated==1.3.1
 + fastapi==0.104.1
 + genson==1.4.0
 + google-api-core==2.30.3
 + google-auth==2.60.0
 + google-cloud-core==2.8.0
 + google-cloud-firestore==2.14.0
 + google-cloud-spanner==3.40.1
 + googleapis-common-protos==1.75.0
 + grpc-google-iam-v1==0.14.4
 + grpcio==1.84.0
 + grpcio-status==1.62.3
 + h11==0.16.0
 + httpcore==1.0.9
 + httpx==0.25.1
 + idna==3.20
 + importlib-metadata==6.11.0
 + inflect==7.5.0
 + iniconfig==2.3.0
 + isort==6.1.0
 + jinja2==3.1.6
 + jsonschema==4.26.0
 + jsonschema-specifications==2025.9.1
 + markupsafe==3.0.4
 + more-itertools==11.1.0
 + mypy-extensions==1.1.0
 + opentelemetry-api==1.21.0
 + opentelemetry-exporter-otlp-proto-common==1.21.0
 + opentelemetry-exporter-otlp-proto-grpc==1.21.0
 + opentelemetry-instrumentation==0.42b0
 + opentelemetry-instrumentation-httpx==0.42b0
 + opentelemetry-proto==1.21.0
 + opentelemetry-sdk==1.21.0
 + opentelemetry-semantic-conventions==0.42b0
 + packaging==26.3
 + pathspec==1.1.1
 + platformdirs==4.12.3
 + pluggy==1.6.0
 + prometheus-client==0.19.0
 + proto-plus==1.28.2
 + protobuf==4.25.9
 + pyasn1==0.6.4
 + pyasn1-modules==0.4.2
 + pycparser==3.0
 + pydantic==2.5.0
 + pydantic-core==2.14.1
 + pytest==7.4.3
 + pytest-asyncio==0.21.1
 + pytest-timeout==2.3.1
 + pytokens==0.4.1
 + pyyaml==6.0.3
 + referencing==0.37.0
 + requests==2.34.2
 + rpds-py==2026.9.1
 + setuptools==84.0.0
 + sniffio==1.3.1
 + sqlparse==0.6.0
 + starlette==0.27.0
 + tomli==2.4.1
 + typeguard==4.6.0
 + typing-extensions==4.16.0
 + urllib3==2.8.0
 + uvicorn==0.24.0
 + wrapt==1.17.3
 + zipp==4.1.1
✓ .venv from scripts/python/requirements.lock
✓ runtimes
Scope: all 8 workspace projects
Lockfile is up to date, resolution step is skipped
Progress: resolved 1, reused 0, downloaded 0, added 0
Packages: +854
++++++++++++++++++++++++++++++++++++++++++++++++++++++++++++++++++++++++++++++++
Progress: resolved 854, reused 851, downloaded 0, added 483
Progress: resolved 854, reused 851, downloaded 0, added 854, done

Done in 3s using pnpm v10.34.6
✓ node dependencies (frozen lockfile)
✓ wrote .env.local (no secrets; safe local defaults)
✓ Spanner emulator started (docker brandme-spanner)
applying V001_identity (16 statements)
V001_identity                 applied
✓ migrations applied
! Demo fixtures, licensed assets and deterministic providers are delivered by later work packages (W03–W06).
Next: pnpm dev:demo

real	0m6.075s
user	0m6.373s
sys	0m2.445s
